spec/app/lib/schema_classes/my_schema_key.rb:
# frozen_string_literal: true

# This file is autogenerated by Deimos, Do NOT modify
module Schemas
  ### Primary Schema Class ###
  # Autogenerated Schema for Record at com.my-namespace.MySchema_key
  class MySchemaKey < Deimos::SchemaClass::Record

    ### Attribute Accessors ###
    # @param value [String]
    attr_accessor :test_id

    # @override
    def initialize(test_id: nil)
      super
      self.test_id = test_id
    end

    # @override
    def schema
      'MySchema_key'
    end

    # @override
    def namespace
      'com.my-namespace'
    end

    # @override
    def to_h
      {
        'test_id' => @test_id
      }
    end
  end
end


spec/app/lib/schema_classes/my_nested_schema.rb:
# frozen_string_literal: true

# This file is autogenerated by Deimos, Do NOT modify
module Schemas
  ### Primary Schema Class ###
  # Autogenerated Schema for Record at com.my-namespace.MyNestedSchema
  class MyNestedSchema < Deimos::SchemaClass::Record

    ### Secondary Schema Classes ###
    # Autogenerated Schema for Record at com.my-namespace.MyNestedRecord
    class MyNestedRecord < Deimos::SchemaClass::Record
  
      ### Attribute Accessors ###
      # @param value [Integer]
      attr_accessor :some_int
      # @param value [Float]
      attr_accessor :some_float
      # @param value [String]
      attr_accessor :some_string
      # @param value [nil, Integer]
      attr_accessor :some_optional_int
  
      # @override
      def initialize(some_int: nil,
                     some_float: nil,
                     some_string: nil,
                     some_optional_int: nil)
        super
        self.some_int = some_int
        self.some_float = some_float
        self.some_string = some_string
        self.some_optional_int = some_optional_int
      end
  
      # @override
      def schema
        'MyNestedRecord'
      end
  
      # @override
      def namespace
        'com.my-namespace'
      end
  
      # @override
      def to_h
        {
          'some_int' => @some_int,
          'some_float' => @some_float,
          'some_string' => @some_string,
          'some_optional_int' => @some_optional_int
        }
      end
    end


    ### Attribute Readers ###
    # @return [MyNestedRecord]
    attr_reader :some_nested_record
    # @return [nil, MyNestedRecord]
    attr_reader :some_optional_record

    ### Attribute Accessors ###
    # @param value [String]
    attr_accessor :test_id
    # @param value [Float]
    attr_accessor :test_float
    # @param values [Array<String>]
    attr_accessor :test_array

    ### Attribute Writers ###
    # @param value [MyNestedRecord]
    def some_nested_record=(value)
      @some_nested_record = MyNestedRecord.initialize_from_value(value)
    end

    # @param value [nil, MyNestedRecord]
    def some_optional_record=(value)
      @some_optional_record = MyNestedRecord.initialize_from_value(value)
    end

    # @override
    def initialize(test_id: nil,
                   test_float: nil,
                   test_array: nil,
                   some_nested_record: nil,
                   some_optional_record: nil)
      super
      self.test_id = test_id
      self.test_float = test_float
      self.test_array = test_array
      self.some_nested_record = some_nested_record
      self.some_optional_record = some_optional_record
    end

    # @override
    def schema
      'MyNestedSchema'
    end

    # @override
    def namespace
      'com.my-namespace'
    end

    # @override
    def to_h
      {
        'test_id' => @test_id,
        'test_float' => @test_float,
        'test_array' => @test_array,
        'some_nested_record' => @some_nested_record&.to_h,
        'some_optional_record' => @some_optional_record&.to_h
      }
    end
  end
end


spec/app/lib/schema_classes/my_schema.rb:
# frozen_string_literal: true

# This file is autogenerated by Deimos, Do NOT modify
module Schemas
  ### Primary Schema Class ###
  # Autogenerated Schema for Record at com.my-namespace.MySchema
  class MySchema < Deimos::SchemaClass::Record

    ### Attribute Readers ###
    # @return [MySchemaKey]
    attr_reader :payload_key

    ### Attribute Accessors ###
    # @param value [String]
    attr_accessor :test_id
    # @param value [Integer]
    attr_accessor :some_int

    ### Attribute Writers ###
    # @param value [MySchemaKey]
    def payload_key=(value)
      @payload_key = MySchemaKey.initialize_from_value(value)
    end

    # @override
    def initialize(test_id: nil,
                   some_int: nil,
                   payload_key: nil)
      super
      self.test_id = test_id
      self.some_int = some_int
      self.payload_key = payload_key
    end

    # @override
    def schema
      'MySchema'
    end

    # @override
    def namespace
      'com.my-namespace'
    end

    # @override
    def to_h
      {
        'test_id' => @test_id,
        'some_int' => @some_int,
        'payload_key' => @payload_key&.to_h
      }
    end
  end
end


spec/app/lib/schema_classes/generated.rb:
# frozen_string_literal: true

# This file is autogenerated by Deimos, Do NOT modify
module Schemas
  ### Primary Schema Class ###
  # Autogenerated Schema for Record at com.my-namespace.Generated
  class Generated < Deimos::SchemaClass::Record

    ### Secondary Schema Classes ###
    # Autogenerated Schema for Record at com.my-namespace.ARecord
    class ARecord < Deimos::SchemaClass::Record
  
      ### Attribute Accessors ###
      # @param value [String]
      attr_accessor :a_record_field
  
      # @override
      def initialize(a_record_field: nil)
        super
        self.a_record_field = a_record_field
      end
  
      # @override
      def schema
        'ARecord'
      end
  
      # @override
      def namespace
        'com.my-namespace'
      end
  
      # @override
      def to_h
        {
          'a_record_field' => @a_record_field
        }
      end
    end

    # Autogenerated Schema for Enum at com.my-namespace.AnEnum
    class AnEnum < Deimos::SchemaClass::Enum
      # @return ['sym1', 'sym2']
      attr_accessor :an_enum
  
      # :nodoc:
      def initialize(an_enum)
        super
        self.an_enum = an_enum
      end
  
      # @override
      def symbols
        %w(sym1 sym2)
      end
  
      # @override
      def to_h
        @an_enum
      end
    end


    ### Attribute Readers ###
    # @return [AnEnum]
    attr_reader :an_enum
    # @return [ARecord]
    attr_reader :a_record

    ### Attribute Accessors ###
    # @param value [String]
    attr_accessor :a_string
    # @param value [Integer]
    attr_accessor :a_int
    # @param value [Integer]
    attr_accessor :a_long
    # @param value [Float]
    attr_accessor :a_float
    # @param value [Float]
    attr_accessor :a_double
    # @param value [nil, Integer]
    attr_accessor :an_optional_int
    # @param values [Array<Integer>]
    attr_accessor :an_array
    # @param values [Hash<String, String>]
    attr_accessor :a_map
    # @param value [String]
    attr_accessor :timestamp
    # @param value [String]
    attr_accessor :message_id

    ### Attribute Writers ###
    # @param value [AnEnum]
    def an_enum=(value)
      @an_enum = AnEnum.initialize_from_value(value)
    end

    # @param value [ARecord]
    def a_record=(value)
      @a_record = ARecord.initialize_from_value(value)
    end

    # @override
    def initialize(a_string: nil,
                   a_int: nil,
                   a_long: nil,
                   a_float: nil,
                   a_double: nil,
                   an_optional_int: nil,
                   an_enum: nil,
                   an_array: nil,
                   a_map: nil,
                   timestamp: nil,
                   message_id: nil,
                   a_record: nil)
      super
      self.a_string = a_string
      self.a_int = a_int
      self.a_long = a_long
      self.a_float = a_float
      self.a_double = a_double
      self.an_optional_int = an_optional_int
      self.an_enum = an_enum
      self.an_array = an_array
      self.a_map = a_map
      self.timestamp = timestamp
      self.message_id = message_id
      self.a_record = a_record
    end

    # @override
    def schema
      'Generated'
    end

    # @override
    def namespace
      'com.my-namespace'
    end

    # @override
    def to_h
      {
        'a_string' => @a_string,
        'a_int' => @a_int,
        'a_long' => @a_long,
        'a_float' => @a_float,
        'a_double' => @a_double,
        'an_optional_int' => @an_optional_int,
        'an_enum' => @an_enum&.to_h,
        'an_array' => @an_array,
        'a_map' => @a_map,
        'timestamp' => @timestamp,
        'message_id' => @message_id,
        'a_record' => @a_record&.to_h
      }
    end
  end
end

